

--- CRASH LOG 2026-08-25T10:06:03.281Z ---
Error: listen EADDRINUSE: address already in use :::5000
    at Server.setupListenHandle [as _listen2] (node:net:2009:16)
    at listenInCluster (node:net:2066:12)
    at Server.listen (node:net:2171:7)
    at app.listen (C:\Users\chatn\OneDrive\Desktop\Leaning\backend\node_modules\express\lib\application.js:635:24)
    at Object.<anonymous> (C:\Users\chatn\OneDrive\Desktop\Leaning\backend\src\index.ts:170:5)
    at Module._compile (node:internal/modules/cjs/loader:1871:14)
    at Module.m._compile (C:\Users\chatn\OneDrive\Desktop\Leaning\backend\node_modules\ts-node\src\index.ts:1618:23)
    at node:internal/modules/cjs/loader:2002:10
    at Object.require.extensions.<computed> [as .ts] (C:\Users\chatn\OneDrive\Desktop\Leaning\backend\node_modules\ts-node\src\index.ts:1621:12)
    at Module.load (node:internal/modules/cjs/loader:1594:32)


--- CRASH LOG 2026-08-25T10:07:38.159Z ---
Error: listen EADDRINUSE: address already in use :::5000
    at Server.setupListenHandle [as _listen2] (node:net:2009:16)
    at listenInCluster (node:net:2066:12)
    at Server.listen (node:net:2171:7)
    at app.listen (C:\Users\chatn\OneDrive\Desktop\Leaning\backend\node_modules\express\lib\application.js:635:24)
    at Object.<anonymous> (C:\Users\chatn\OneDrive\Desktop\Leaning\backend\src\index.ts:170:5)
    at Module._compile (node:internal/modules/cjs/loader:1871:14)
    at Module.m._compile (C:\Users\chatn\OneDrive\Desktop\Leaning\backend\node_modules\ts-node\src\index.ts:1618:23)
    at node:internal/modules/cjs/loader:2002:10
    at Object.require.extensions.<computed> [as .ts] (C:\Users\chatn\OneDrive\Desktop\Leaning\backend\node_modules\ts-node\src\index.ts:1621:12)
    at Module.load (node:internal/modules/cjs/loader:1594:32)
